Drill report for supersmymps v2.kicad_pcb
Created on 27.03.2024 11:05:08

Copper Layer Stackup:
    =============================================================
    L1 :  F.Cu                      front
    L2 :  B.Cu                      back


Drill file 'supersmymps v2-PTH.drl' contains
    plated through holes:
    =============================================================
    T1  0,300mm  0,0118"  (26 holes)
    T2  0,400mm  0,0157"  (119 holes)
    T3  0,500mm  0,0197"  (56 holes)
    T4  0,600mm  0,0236"  (10 holes)
    T5  0,700mm  0,0276"  (28 holes)
    T6  0,800mm  0,0315"  (186 holes)  (with 21 slots)
    T7  0,900mm  0,0354"  (18 holes)
    T8  1,000mm  0,0394"  (48 holes)
    T9  1,010mm  0,0398"  (4 holes)  (with 4 slots)
    T10  1,100mm  0,0433"  (5 holes)
    T11  1,200mm  0,0472"  (10 holes)  (with 2 slots)
    T12  1,300mm  0,0512"  (4 holes)
    T13  1,500mm  0,0591"  (7 holes)
    T14  2,000mm  0,0787"  (5 holes)
    T15  2,200mm  0,0866"  (2 holes)
    T16  3,000mm  0,1181"  (19 holes)
    T17  3,200mm  0,1260"  (1 hole)
    T18  3,500mm  0,1378"  (8 holes)
    T19  5,300mm  0,2087"  (2 holes)

    Total plated holes count 558


Drill file 'supersmymps v2-NPTH.drl' contains
    unplated through holes:
    =============================================================
    T1  3,500mm  0,1378"  (4 holes)

    Total unplated holes count 4
